exports[`test Category renders 1`] = `
<div
  className="row Category">
  <div
    className="CategoryName undefined" />
  : 
  <div
    className="CategoryValue undefined" />
</div>
`;
