exports[`test LoginForm renders 1`] = `
<div
  className="LoginForm row">
  <div
    className="col-xs-0 col-md-4" />
  <div
    className="col-xs-12 col-md-4">
    <div
      className="row marginTop">
      <center>
        <img
          alt=""
          id="mainLogo"
          src="" />
      </center>
    </div>
    <div
      className="row marginTop">
      <center>
        Entra ya y empieza a descubrir arte, artistas y galerías.
      </center>
    </div>
    <div
      className="row marginTop">
      <div
        className="form-group">
        <div
          className="obligatoryField TextField"
          style={
            Object {
              "backgroundColor": "transparent",
              "cursor": "auto",
              "display": "inline-block",
              "fontFamily": "Roboto, sans-serif",
              "fontSize": 16,
              "height": 72,
              "lineHeight": "24px",
              "muiPrepared": true,
              "position": "relative",
              "transition": "height 200ms cubic-bezier(0.23, 1, 0.32, 1) 0ms",
              "width": "100%",
            }
          }>
          <label
            className={undefined}
            htmlFor="username"
            onTouchTap={undefined}
            style={
              Object {
                "color": "#9e9e9e",
                "lineHeight": "22px",
                "muiPrepared": true,
                "pointerEvents": "none",
                "position": "absolute",
                "top": 38,
                "transform": "scale(1) translate(0, 0)",
                "transformOrigin": "left top",
                "transition": "all 450ms cubic-bezier(0.23, 1, 0.32, 1) 0ms",
                "userSelect": "none",
                "zIndex": 1,
              }
            }>
            Nombre de usuario
          </label>
          <div
            style={
              Object {
                "bottom": 12,
                "color": "rgba(0, 0, 0, 0.3)",
                "muiPrepared": true,
                "opacity": 0,
                "position": "absolute",
                "transition": "all 450ms cubic-bezier(0.23, 1, 0.32, 1) 0ms",
              }
            }>
            Ingresa el nombre de usuario
          </div>
          <input
            defaultValue=""
            disabled={false}
            id="username"
            name={undefined}
            onBlur={[Function]}
            onChange={[Function]}
            onFocus={[Function]}
            style={
              Object {
                "WebkitTapHighlightColor": "rgba(0,0,0,0)",
                "appearance": "textfield",
                "backgroundColor": "rgba(0,0,0,0)",
                "border": "none",
                "boxSizing": "border-box",
                "color": "#757575",
                "cursor": "inherit",
                "font": "inherit",
                "height": "100%",
                "marginTop": 14,
                "muiPrepared": true,
                "outline": "none",
                "padding": 0,
                "position": "relative",
                "width": "100%",
              }
            }
            type="text" />
          <div>
            <hr
              aria-hidden="true"
              style={
                Object {
                  "borderBottom": "solid 1px",
                  "borderColor": "#9e9e9e",
                  "borderLeft": "none",
                  "borderRight": "none",
                  "borderTop": "none",
                  "bottom": 8,
                  "boxSizing": "content-box",
                  "margin": 0,
                  "muiPrepared": true,
                  "position": "absolute",
                  "width": "100%",
                }
              } />
            <hr
              aria-hidden="true"
              style={
                Object {
                  "borderBottom": "solid 2px",
                  "borderColor": "#757575",
                  "borderLeft": "none",
                  "borderRight": "none",
                  "borderTop": "none",
                  "bottom": 8,
                  "boxSizing": "content-box",
                  "margin": 0,
                  "muiPrepared": true,
                  "position": "absolute",
                  "transform": "scaleX(0)",
                  "transition": "all 450ms cubic-bezier(0.23, 1, 0.32, 1) 0ms",
                  "width": "100%",
                }
              } />
          </div>
          
        </div>
        <div
          className="obligatoryField TextField"
          style={
            Object {
              "backgroundColor": "transparent",
              "cursor": "auto",
              "display": "inline-block",
              "fontFamily": "Roboto, sans-serif",
              "fontSize": 16,
              "height": 72,
              "lineHeight": "24px",
              "muiPrepared": true,
              "position": "relative",
              "transition": "height 200ms cubic-bezier(0.23, 1, 0.32, 1) 0ms",
              "width": "100%",
            }
          }>
          <label
            className={undefined}
            htmlFor="password"
            onTouchTap={undefined}
            style={
              Object {
                "color": "#9e9e9e",
                "lineHeight": "22px",
                "muiPrepared": true,
                "pointerEvents": "none",
                "position": "absolute",
                "top": 38,
                "transform": "scale(1) translate(0, 0)",
                "transformOrigin": "left top",
                "transition": "all 450ms cubic-bezier(0.23, 1, 0.32, 1) 0ms",
                "userSelect": "none",
                "zIndex": 1,
              }
            }>
            Ingresa la contraseña
          </label>
          <div
            style={
              Object {
                "bottom": 12,
                "color": "rgba(0, 0, 0, 0.3)",
                "muiPrepared": true,
                "opacity": 0,
                "position": "absolute",
                "transition": "all 450ms cubic-bezier(0.23, 1, 0.32, 1) 0ms",
              }
            }>
            Contraseña
          </div>
          <input
            defaultValue=""
            disabled={false}
            id="password"
            name={undefined}
            onBlur={[Function]}
            onChange={[Function]}
            onFocus={[Function]}
            style={
              Object {
                "WebkitTapHighlightColor": "rgba(0,0,0,0)",
                "appearance": "textfield",
                "backgroundColor": "rgba(0,0,0,0)",
                "border": "none",
                "boxSizing": "border-box",
                "color": "#757575",
                "cursor": "inherit",
                "font": "inherit",
                "height": "100%",
                "marginTop": 14,
                "muiPrepared": true,
                "outline": "none",
                "padding": 0,
                "position": "relative",
                "width": "100%",
              }
            }
            type="password" />
          <div>
            <hr
              aria-hidden="true"
              style={
                Object {
                  "borderBottom": "solid 1px",
                  "borderColor": "#9e9e9e",
                  "borderLeft": "none",
                  "borderRight": "none",
                  "borderTop": "none",
                  "bottom": 8,
                  "boxSizing": "content-box",
                  "margin": 0,
                  "muiPrepared": true,
                  "position": "absolute",
                  "width": "100%",
                }
              } />
            <hr
              aria-hidden="true"
              style={
                Object {
                  "borderBottom": "solid 2px",
                  "borderColor": "#757575",
                  "borderLeft": "none",
                  "borderRight": "none",
                  "borderTop": "none",
                  "bottom": 8,
                  "boxSizing": "content-box",
                  "margin": 0,
                  "muiPrepared": true,
                  "position": "absolute",
                  "transform": "scaleX(0)",
                  "transition": "all 450ms cubic-bezier(0.23, 1, 0.32, 1) 0ms",
                  "width": "100%",
                }
              } />
          </div>
          
        </div>
        <center>
          <div
            className="marginTop"
            style={
              Object {
                "WebkitTapHighlightColor": "rgba(0,0,0,0)",
                "backgroundColor": "#ffffff",
                "borderRadius": 2,
                "boxShadow": "0 1px 6px rgba(0, 0, 0, 0.12),
                       0 1px 4px rgba(0, 0, 0, 0.12)",
                "boxSizing": "border-box",
                "color": "rgba(0, 0, 0, 0.87)",
                "display": "inline-block",
                "float": "center",
                "fontFamily": "Roboto, sans-serif",
                "margin": 12,
                "minWidth": 88,
                "muiPrepared": true,
                "transition": "all 450ms cubic-bezier(0.23, 1, 0.32, 1) 0ms",
              }
            }>
            <button
              disabled={false}
              href={undefined}
              onBlur={[Function]}
              onClick={[Function]}
              onFocus={[Function]}
              onKeyDown={[Function]}
              onKeyUp={[Function]}
              onMouseDown={[Function]}
              onMouseEnter={[Function]}
              onMouseLeave={[Function]}
              onMouseUp={[Function]}
              onTouchEnd={[Function]}
              onTouchStart={[Function]}
              onTouchTap={[Function]}
              style={
                Object {
                  "WebkitTapHighlightColor": "rgba(0, 0, 0, 0)",
                  "backgroundColor": "#ffffff",
                  "border": 10,
                  "borderRadius": 2,
                  "boxSizing": "border-box",
                  "cursor": "pointer",
                  "display": "inline-block",
                  "fontFamily": "Roboto, sans-serif",
                  "fontSize": "inherit",
                  "fontWeight": "inherit",
                  "height": 36,
                  "lineHeight": "36px",
                  "margin": 0,
                  "muiPrepared": true,
                  "outline": "none",
                  "padding": 0,
                  "position": "relative",
                  "textAlign": "center",
                  "textDecoration": "none",
                  "transition": "all 450ms cubic-bezier(0.23, 1, 0.32, 1) 0ms",
                  "verticalAlign": null,
                  "width": "100%",
                  "zIndex": 1,
                }
              }
              tabIndex={0}
              type="button">
              <div
                onMouseDown={[Function]}
                onMouseLeave={[Function]}
                onMouseUp={[Function]}
                onTouchEnd={[Function]}
                onTouchStart={[Function]}>
                <div
                  style={
                    Object {
                      "backgroundColor": false,
                      "borderRadius": 2,
                      "height": 36,
                      "muiPrepared": true,
                      "top": 0,
                      "transition": "all 450ms cubic-bezier(0.23, 1, 0.32, 1) 0ms",
                    }
                  }>
                  <span
                    style={
                      Object {
                        "color": "rgba(0, 0, 0, 0.87)",
                        "fontSize": 14,
                        "fontWeight": 500,
                        "letterSpacing": 0,
                        "margin": 0,
                        "muiPrepared": true,
                        "opacity": 1,
                        "paddingLeft": 16,
                        "paddingRight": 16,
                        "position": "relative",
                        "textTransform": "uppercase",
                        "userSelect": "none",
                      }
                    }>
                    Iniciar Sesión
                  </span>
                </div>
              </div>
            </button>
          </div>
        </center>
      </div>
    </div>
    <div
      className="row marginTop">
      <hr
        style={
          Object {
            "backgroundColor": "#9e9e9e",
            "border": "none",
            "height": 1,
            "margin": 0,
            "marginLeft": 0,
            "marginTop": -1,
            "muiPrepared": true,
          }
        } />
    </div>
    <div
      className="row marginTop marginBottom">
      <center>
        <a
          id="forgotPasswordBtn"
          onClick={[Function]}
          style={Object {}}>
          ¿Olvidaste tu contraseña?
        </a>
      </center>
    </div>
  </div>
  <div
    className="col-xs-0 col-md-4" />
</div>
`;
