exports[`test NotificationComponent renders 1`] = `null`;
